\BOOKMARK [1][-]{section.1}{\376\377\000A\000u\000t\000h\000o\000r\000'\000s\000\040\000I\000n\000t\000r\000o\000d\000u\000c\000t\000i\000o\000n}{}% 1
\BOOKMARK [1][-]{section.2}{\376\377\000B\000a\000c\000k\000g\000r\000o\000u\000n\000d\000\040\000a\000n\000d\000\040\000N\000o\000t\000a\000t\000i\000o\000n}{}% 2
\BOOKMARK [2][-]{subsection.2.1}{\376\377\000G\000F\000\050\0002\0008\000\051\000\040\000A\000r\000i\000t\000h\000m\000e\000t\000i\000c}{section.2}% 3
\BOOKMARK [2][-]{subsection.2.2}{\376\377\000A\000E\000S\000\040\000R\000o\000u\000n\000d\000\040\000S\000t\000r\000u\000c\000t\000u\000r\000e}{section.2}% 4
\BOOKMARK [1][-]{section.3}{\376\377\000D\000i\000f\000f\000e\000r\000e\000n\000t\000i\000a\000l\000\040\000T\000r\000a\000i\000l\000\040\000A\000n\000a\000l\000y\000s\000i\000s}{}% 5
\BOOKMARK [2][-]{subsection.3.1}{\376\377\000M\000D\000S\000\040\000B\000r\000a\000n\000c\000h\000\040\000N\000u\000m\000b\000e\000r}{section.3}% 6
\BOOKMARK [2][-]{subsection.3.2}{\376\377\000C\000o\000r\000r\000e\000c\000t\000e\000d\000\040\000M\000I\000L\000P\000\040\000F\000o\000r\000m\000u\000l\000a\000t\000i\000o\000n}{section.3}% 7
\BOOKMARK [2][-]{subsection.3.3}{\376\377\000M\000i\000n\000i\000m\000u\000m\000\040\000A\000c\000t\000i\000v\000e\000\040\000S\000-\000b\000o\000x\000\040\000B\000o\000u\000n\000d\000s}{section.3}% 8
\BOOKMARK [1][-]{section.4}{\376\377\000T\000h\000e\000\040\000M\000\366\000b\000i\000u\000s\000\040\000B\000r\000i\000d\000g\000e\000:\000\040\0007\000-\000R\000o\000u\000n\000d\000\040\000M\000I\000T\000M}{}% 9
\BOOKMARK [2][-]{subsection.4.1}{\376\377\000C\000o\000n\000s\000t\000r\000u\000c\000t\000i\000o\000n}{section.4}% 10
\BOOKMARK [2][-]{subsection.4.2}{\376\377\000A\000t\000t\000a\000c\000k\000\040\000M\000e\000c\000h\000a\000n\000i\000c\000s}{section.4}% 11
\BOOKMARK [1][-]{section.5}{\376\377\000A\000l\000g\000e\000b\000r\000a\000i\000c\000\040\000S\000t\000r\000u\000c\000t\000u\000r\000e\000:\000\040\000T\000h\000r\000e\000e\000\040\000W\000a\000l\000l\000s}{}% 12
\BOOKMARK [2][-]{subsection.5.1}{\376\377\000W\000a\000l\000l\000\040\0001\000:\000\040\000D\000i\000f\000f\000u\000s\000i\000o\000n\000\040\000\050\000M\000D\000S\000\051}{section.5}% 13
\BOOKMARK [2][-]{subsection.5.2}{\376\377\000W\000a\000l\000l\000\040\0002\000:\000\040\000N\000o\000n\000l\000i\000n\000e\000a\000r\000i\000t\000y\000\040\000a\000n\000d\000\040\000t\000h\000e\000\040\000B\000A\000\040\000F\000a\000i\000l\000u\000r\000e}{section.5}% 14
\BOOKMARK [2][-]{subsection.5.3}{\376\377\000W\000a\000l\000l\000\040\0003\000:\000\040\000K\000e\000y\000\040\000S\000c\000h\000e\000d\000u\000l\000e\000\040\000E\000n\000t\000a\000n\000g\000l\000e\000m\000e\000n\000t}{section.5}% 15
\BOOKMARK [1][-]{section.6}{\376\377\000T\000h\000e\000\040\0001\0000\000-\000R\000o\000u\000n\000d\000\040\000T\000e\000r\000m\000i\000n\000a\000l\000\040\000R\000e\000s\000u\000l\000t}{}% 16
\BOOKMARK [1][-]{section.7}{\376\377\000E\000v\000i\000d\000e\000n\000c\000e\000\040\000R\000e\000g\000i\000s\000t\000r\000y}{}% 17
\BOOKMARK [2][-]{subsection.7.1}{\376\377\000N\000o\000v\000e\000l\000\040\000C\000o\000n\000t\000r\000i\000b\000u\000t\000i\000o\000n\000s\000\040\000S\000u\000m\000m\000a\000r\000y}{section.7}% 18
\BOOKMARK [2][-]{subsection.7.2}{\376\377\000O\000p\000e\000n\000\040\000P\000r\000o\000o\000f\000\040\000O\000b\000l\000i\000g\000a\000t\000i\000o\000n\000s}{section.7}% 19
\BOOKMARK [1][-]{section.8}{\376\377\000F\000i\000b\000o\000n\000a\000c\000c\000i\000\040\000A\000n\000y\000o\000n\000\040\000A\000E\000S\000\040\000O\000r\000a\000c\000l\000e}{}% 20
\BOOKMARK [1][-]{section.9}{\376\377\000O\000p\000e\000n\000\040\000P\000r\000o\000b\000l\000e\000m\000s}{}% 21
\BOOKMARK [1][-]{section.10}{\376\377\000C\000o\000n\000c\000l\000u\000s\000i\000o\000n}{}% 22
